ffi_call: unsupported argument types for int return.
=========================================
Running SageLink Integration Tests...
=========================================
Server: Listening on 127.0.0.1:7420...
Server: Client connected! Performing Noise_IK handshake...
Server: Reading Msg 1 (expecting 119 bytes)...
Server: Handshake failed to read Msg 1
Client: Connecting to 127.0.0.1:7420...
Client: Initiating Noise_IK handshake...
Client: Handshake initialized. Writing message 1...
=========================================
All integration tests completed!
=========================================
